2026-09-03 10:19:38 - [INFO] - Usuario SANTIAGO  (3054845848) inició sesión.
2026-09-03 10:19:50 - [INFO] - Admin SANTIAGO  cerró sesión.
2026-09-03 10:20:17 - [WARNING] - Intento fallido de inicio de sesión con ID: 11111
2026-09-03 12:45:43 - [INFO] - Usuario SANTIAGO  (3054845848) inició sesión.
2026-09-03 13:01:08 - [WARNING] - Intento fallido de inicio de sesión con ID: 30548458488
2026-09-03 13:01:24 - [INFO] - Usuario SANTIAGO  (3054845848) inició sesión.
2026-09-03 13:02:27 - [WARNING] - Intento fallido de inicio de sesión con ID: mostrar_menu_gestion_prestamos
2026-09-03 13:02:35 - [INFO] - Usuario SANTIAGO  (3054845848) inició sesión.
2026-09-03 13:08:30 - [INFO] - Usuario SANTIAGO  (12345) inició sesión.
2026-09-03 13:26:10 - [WARNING] - Intento fallido de inicio de sesión con ID: 3054
2026-09-03 13:26:23 - [INFO] - Usuario SANTIAGO  (12345) inició sesión.
2026-09-03 13:37:02 - [INFO] - Usuario SANTIAGO  (12345) inició sesión.
2026-09-03 13:38:29 - [WARNING] - Intento fallido de inicio de sesión con ID: 1234
2026-09-03 13:40:15 - [INFO] - Usuario SANTIAGO  (12345) inició sesión.
2026-09-03 14:46:20 - [INFO] - Usuario SANTIAGO  (12345) inició sesión.
2026-09-03 15:06:34 - [INFO] - Usuario SANTIAGO  (12345) inició sesión.
2026-09-03 15:16:53 - [INFO] - Usuario SANTIAGO  (12345) inició sesión.
2026-09-03 15:21:46 - [INFO] - Usuario SANTIAGO  (12345) inició sesión.
2026-09-03 15:26:59 - [INFO] - Usuario SANTIAGO  (12345) inició sesión.
2026-09-03 15:28:35 - [INFO] - Usuario SANTIAGO  (12345) inició sesión.
2026-09-03 15:29:53 - [INFO] - Usuario SANTIAGO  (12345) inició sesión.
2026-09-03 15:35:28 - [INFO] - Usuario SANTIAGO  (12345) inició sesión.
2026-09-03 15:37:36 - [INFO] - Usuario SANTIAGO  (12345) inició sesión.
2026-09-03 15:38:40 - [INFO] - Usuario SANTIAGO  (12345) inició sesión.
2026-09-03 15:48:33 - [INFO] - Usuario SANTIAGO  (12345) inició sesión.
2026-09-03 15:51:59 - [INFO] - Usuario SANTIAGO  (12345) inició sesión.
2026-09-03 16:25:16 - [INFO] - Salió de la visualización de eventos
2026-09-03 16:29:30 - [WARNING] - Intento fallido de inicio de sesión con ID: 1234
2026-09-03 16:29:36 - [INFO] - Usuario SANTIAGO  (12345) inició sesión.
2026-09-03 16:33:47 - [INFO] - Usuario SANTIAGO  (12345) inició sesión.
2026-09-03 16:49:33 - [INFO] - Usuario SANTIAGO  (12345) inició sesión.
2026-09-03 16:53:33 - [INFO] - Usuario SANTIAGO  (12345) inició sesión.
2026-09-03 16:54:52 - [INFO] - Usuario SANTIAGO  (12345) inició sesión.
2026-09-03 16:55:46 - [WARNING] - Intento fallido de inicio de sesión con ID: 1234
2026-09-03 16:55:54 - [INFO] - Usuario SANTIAGO  (12345) inició sesión.
2026-09-03 16:56:35 - [INFO] - Admin SANTIAGO  cerró sesión.
2026-09-03 16:58:46 - [INFO] - Usuario nikol (123) inició sesión.
2026-09-03 17:14:49 - [INFO] - Usuario nikol (123) inició sesión.
2026-09-03 17:22:39 - [INFO] - Usuario nikol (123) inició sesión.
2026-09-03 17:29:17 - [WARNING] - Intento fallido de inicio de sesión con ID: 1234
2026-09-03 17:29:29 - [INFO] - Usuario nikol (123) inició sesión.
2026-09-03 17:30:08 - [INFO] - Usuario nikol (123) inició sesión.
2026-09-03 17:30:19 - [INFO] - Residente nikol cerró sesión.
2026-09-03 17:30:25 - [INFO] - Usuario SANTIAGO  (12345) inició sesión.
2026-09-03 17:30:53 - [INFO] - Admin SANTIAGO  cerró sesión.
2026-09-03 17:30:58 - [INFO] - Usuario nikol (123) inició sesión.
2026-09-03 17:34:52 - [INFO] - Usuario SANTIAGO  (12345) inició sesión.
2026-09-03 17:35:09 - [INFO] - Usuario nikol (123) inició sesión.
2026-09-03 17:36:00 - [INFO] - Usuario SANTIAGO  (12345) inició sesión.
2026-09-03 17:36:57 - [INFO] - Usuario nikol (123) inició sesión.
2026-09-03 17:38:58 - [INFO] - Usuario SANTIAGO  (12345) inició sesión.
2026-09-04 16:23:52 - [INFO] - Usuario SANTIAGO  (12345) inició sesión.
2026-09-04 16:24:13 - [INFO] - Admin SANTIAGO  cerró sesión.
2026-09-04 16:24:17 - [INFO] - Usuario nikol (123) inició sesión.
2026-09-04 16:32:01 - [INFO] - Residente nikol cerró sesión.
2026-09-04 16:32:04 - [WARNING] - Intento fallido de inicio de sesión con ID: 
2026-09-04 16:32:08 - [WARNING] - Intento fallido de inicio de sesión con ID: 
2026-09-04 16:32:13 - [INFO] - Usuario SANTIAGO  (12345) inició sesión.
2026-09-04 16:52:32 - [INFO] - Usuario SANTIAGO  (12345) inició sesión.
2026-09-04 16:52:32 - [INFO] - Admin SANTIAGO  cerró sesión.
2026-09-04 16:52:43 - [INFO] - Usuario nikol (123) inició sesión.
2026-09-04 16:52:43 - [INFO] - Residente nikol cerró sesión.
2026-09-04 16:53:15 - [INFO] - Usuario SANTIAGO  (12345) inició sesión.
2026-09-04 16:53:15 - [INFO] - Admin SANTIAGO  cerró sesión.
2026-09-04 16:53:15 - [INFO] - Usuario nikol (123) inició sesión.
2026-09-04 16:53:15 - [INFO] - Residente nikol cerró sesión.
2026-09-04 16:53:57 - [WARNING] - Intento fallido de inicio de sesión con ID: 3322
2026-09-04 16:54:04 - [INFO] - Usuario SANTIAGO  (12345) inició sesión.
2026-09-04 16:57:59 - [INFO] - Usuario SANTIAGO  (12345) inició sesión.
2026-09-04 17:02:38 - [INFO] - Usuario SANTIAGO  (12345) inició sesión.
2026-09-04 17:02:49 - [INFO] - Admin SANTIAGO  cerró sesión.
2026-09-04 17:02:53 - [INFO] - Usuario nikol (123) inició sesión.
2026-09-04 17:04:15 - [INFO] - Residente nikol cerró sesión.
2026-09-04 17:04:20 - [INFO] - Usuario SANTIAGO  (12345) inició sesión.
2026-09-04 17:08:16 - [INFO] - Usuario nikol (123) inició sesión.
2026-09-04 17:09:27 - [INFO] - Residente nikol cerró sesión.
2026-09-04 17:09:30 - [INFO] - Usuario SANTIAGO  (12345) inició sesión.
2026-09-04 17:11:22 - [INFO] - Usuario nikol (123) inició sesión.
2026-09-04 17:11:22 - [INFO] - Residente nikol cerró sesión.
2026-09-04 17:42:21 - [WARNING] - Intento fallido de inicio de sesión con ID: bgf
2026-09-04 17:42:39 - [INFO] - Usuario SANTIAGO  (12345) inició sesión.
2026-09-04 17:42:45 - [INFO] - Admin SANTIAGO  cerró sesión.
2026-09-04 17:42:51 - [INFO] - Usuario SANTIAGO  (12345) inició sesión.
2026-09-04 17:45:20 - [INFO] - Admin SANTIAGO  cerró sesión.
2026-09-04 17:45:28 - [INFO] - Usuario nikol (123) inició sesión.
2026-09-04 17:47:20 - [INFO] - Residente nikol cerró sesión.
2026-09-04 17:47:26 - [INFO] - Usuario SANTIAGO  (12345) inició sesión.
2026-09-04 17:51:09 - [INFO] - Usuario SANTIAGO  (12345) inició sesión.
2026-09-05 16:21:42 - [INFO] - Usuario SANTIAGO  (12345) inició sesión.
